// Jest Snapshot v1, https://goo.gl/fbAQLP

exports[`renders correctly 1`] = `
<View
  style={
    Object {
      "flex": 1,
      "width": null,
    }
  }
>
  <Image
    source={1}
    style={
      Array [
        Object {
          "bottom": 0,
          "left": 0,
          "position": "absolute",
          "right": 0,
          "top": 0,
        },
        Object {
          "height": undefined,
          "width": null,
        },
        undefined,
      ]
    }
  />
  <View
    style={
      Object {
        "backgroundColor": "transparent",
        "flex": 1,
        "shadowOffset": Object {
          "height": 1,
          "width": 0,
        },
        "shadowOpacity": 1,
      }
    }
  >
    <View
      style={
        Object {
          "alignItems": "center",
          "flex": 1,
        }
      }
    >
      <Text
        accessible={true}
        allowFontScaling={true}
        ellipsizeMode="tail"
        style={
          Object {
            "color": "white",
            "fontSize": 60,
            "fontWeight": "bold",
            "marginTop": 140,
          }
        }
      >
        MERENDA +
      </Text>
    </View>
    <View
      style={
        Object {
          "alignItems": "center",
          "flex": 1,
          "justifyContent": "center",
        }
      }
    >
      <View
        accessibilityComponentType={undefined}
        accessibilityLabel={undefined}
        accessibilityTraits={undefined}
        accessible={true}
        collapsable={undefined}
        hasTVPreferredFocus={undefined}
        hitSlop={undefined}
        isTVSelectable={true}
        nativeID={undefined}
        onLayout={undefined}
        onResponderGrant={[Function]}
        onResponderMove={[Function]}
        onResponderRelease={[Function]}
        onResponderTerminate={[Function]}
        onResponderTerminationRequest={[Function]}
        onStartShouldSetResponder={[Function]}
        style={
          Object {
            "alignItems": "center",
            "backgroundColor": "#FF9500",
            "borderRadius": 10,
            "height": 65,
            "justifyContent": "center",
            "marginBottom": 60,
            "opacity": 1,
            "width": 320,
          }
        }
        testID={undefined}
        tvParallaxProperties={undefined}
      >
        <Text
          accessible={true}
          allowFontScaling={true}
          ellipsizeMode="tail"
          style={
            Object {
              "color": "white",
              "fontSize": 20,
            }
          }
        >
          Login
        </Text>
      </View>
      <View
        accessibilityComponentType={undefined}
        accessibilityLabel={undefined}
        accessibilityTraits={undefined}
        accessible={true}
        collapsable={undefined}
        hasTVPreferredFocus={undefined}
        hitSlop={undefined}
        isTVSelectable={true}
        nativeID={undefined}
        onLayout={undefined}
        onResponderGrant={[Function]}
        onResponderMove={[Function]}
        onResponderRelease={[Function]}
        onResponderTerminate={[Function]}
        onResponderTerminationRequest={[Function]}
        onStartShouldSetResponder={[Function]}
        style={
          Object {
            "alignItems": "center",
            "backgroundColor": "#FF9500",
            "borderRadius": 10,
            "height": 65,
            "justifyContent": "center",
            "opacity": 1,
            "width": 320,
          }
        }
        testID={undefined}
        tvParallaxProperties={undefined}
      >
        <Text
          accessible={true}
          allowFontScaling={true}
          ellipsizeMode="tail"
          style={
            Object {
              "color": "white",
              "fontSize": 20,
            }
          }
        >
          Cadastrar
        </Text>
      </View>
    </View>
  </View>
</View>
`;
