// Jest Snapshot v1, https://goo.gl/fbAQLP

exports[`Testing RefectoryCheckout Screen renders as expected 1`] = `
<Component
  style={
    Object {
      "backgroundColor": "white",
      "flex": 1,
    }
  }
>
  <Header
    backButton={false}
    onPress={[Function]}
    subTitle="Refeitório"
    title="Lista de verificação"
  />
  <KeyboardAvoidingView
    behavior="padding"
    enabled={true}
    keyboardVerticalOffset={0}
    style={
      Object {
        "flex": 1,
        "flexDirection": "column",
      }
    }
  >
    <ScrollView>
      <Component>
        <Component
          style={
            Object {
              "flexDirection": "row",
            }
          }
        >
          <Text
            accessible={true}
            allowFontScaling={true}
            ellipsizeMode="tail"
            style={
              Object {
                "fontWeight": "bold",
                "paddingLeft": 10,
                "paddingTop": 5,
              }
            }
          >
            Sim
          </Text>
          <Text
            accessible={true}
            allowFontScaling={true}
            ellipsizeMode="tail"
            style={
              Object {
                "fontWeight": "bold",
                "paddingLeft": 20,
                "paddingTop": 5,
              }
            }
          >
            Nao
          </Text>
        </Component>
        <Component
          key="0"
          style={
            Object {
              "alignItems": "center",
              "borderBottomColor": "darkgrey",
              "borderBottomWidth": 1,
              "flexDirection": "row",
              "paddingVertical": 5,
            }
          }
        >
          <Component>
            <Checkbox
              checkboxStyle={
                Object {
                  "borderColor": "black",
                  "borderRadius": 2,
                  "borderWidth": 2,
                  "flexWrap": "wrap",
                  "height": 25,
                  "margin": 10,
                  "width": 25,
                }
              }
              defaultColor="#fff"
              disabled={false}
              disabledColor={null}
              onSelect={[Function]}
              selected={false}
              selectedColor="#008000"
            />
          </Component>
          <Component>
            <Checkbox
              checkboxStyle={
                Object {
                  "borderColor": "black",
                  "borderRadius": 2,
                  "borderWidth": 2,
                  "flexWrap": "wrap",
                  "height": 25,
                  "margin": 10,
                  "width": 25,
                }
              }
              defaultColor="#fff"
              disabled={false}
              disabledColor={null}
              onSelect={[Function]}
              selected={false}
              selectedColor="#B22222"
            />
          </Component>
          <Text
            accessible={true}
            allowFontScaling={true}
            ellipsizeMode="tail"
            style={
              Object {
                "flex": 1,
                "fontSize": 15,
              }
            }
          >
            Escola não possui refeitório
          </Text>
        </Component>
        <Component
          key="1"
          style={
            Object {
              "alignItems": "center",
              "borderBottomColor": "darkgrey",
              "borderBottomWidth": 1,
              "flexDirection": "row",
              "paddingVertical": 5,
            }
          }
        >
          <Component>
            <Checkbox
              checkboxStyle={
                Object {
                  "borderColor": "black",
                  "borderRadius": 2,
                  "borderWidth": 2,
                  "flexWrap": "wrap",
                  "height": 25,
                  "margin": 10,
                  "width": 25,
                }
              }
              defaultColor="#fff"
              disabled={false}
              disabledColor={null}
              onSelect={[Function]}
              selected={false}
              selectedColor="#008000"
            />
          </Component>
          <Component>
            <Checkbox
              checkboxStyle={
                Object {
                  "borderColor": "black",
                  "borderRadius": 2,
                  "borderWidth": 2,
                  "flexWrap": "wrap",
                  "height": 25,
                  "margin": 10,
                  "width": 25,
                }
              }
              defaultColor="#fff"
              disabled={false}
              disabledColor={null}
              onSelect={[Function]}
              selected={false}
              selectedColor="#B22222"
            />
          </Component>
          <Text
            accessible={true}
            allowFontScaling={true}
            ellipsizeMode="tail"
            style={
              Object {
                "flex": 1,
                "fontSize": 15,
              }
            }
          >
            Alimentos prontos sem proteção
          </Text>
        </Component>
        <Component
          key="2"
          style={
            Object {
              "alignItems": "center",
              "borderBottomColor": "darkgrey",
              "borderBottomWidth": 1,
              "flexDirection": "row",
              "paddingVertical": 5,
            }
          }
        >
          <Component>
            <Checkbox
              checkboxStyle={
                Object {
                  "borderColor": "black",
                  "borderRadius": 2,
                  "borderWidth": 2,
                  "flexWrap": "wrap",
                  "height": 25,
                  "margin": 10,
                  "width": 25,
                }
              }
              defaultColor="#fff"
              disabled={false}
              disabledColor={null}
              onSelect={[Function]}
              selected={false}
              selectedColor="#008000"
            />
          </Component>
          <Component>
            <Checkbox
              checkboxStyle={
                Object {
                  "borderColor": "black",
                  "borderRadius": 2,
                  "borderWidth": 2,
                  "flexWrap": "wrap",
                  "height": 25,
                  "margin": 10,
                  "width": 25,
                }
              }
              defaultColor="#fff"
              disabled={false}
              disabledColor={null}
              onSelect={[Function]}
              selected={false}
              selectedColor="#B22222"
            />
          </Component>
          <Text
            accessible={true}
            allowFontScaling={true}
            ellipsizeMode="tail"
            style={
              Object {
                "flex": 1,
                "fontSize": 15,
              }
            }
          >
            Refeição sendo servida sem talheres 
          </Text>
        </Component>
        <Component
          key="3"
          style={
            Object {
              "alignItems": "center",
              "borderBottomColor": "darkgrey",
              "borderBottomWidth": 1,
              "flexDirection": "row",
              "paddingVertical": 5,
            }
          }
        >
          <Component>
            <Checkbox
              checkboxStyle={
                Object {
                  "borderColor": "black",
                  "borderRadius": 2,
                  "borderWidth": 2,
                  "flexWrap": "wrap",
                  "height": 25,
                  "margin": 10,
                  "width": 25,
                }
              }
              defaultColor="#fff"
              disabled={false}
              disabledColor={null}
              onSelect={[Function]}
              selected={false}
              selectedColor="#008000"
            />
          </Component>
          <Component>
            <Checkbox
              checkboxStyle={
                Object {
                  "borderColor": "black",
                  "borderRadius": 2,
                  "borderWidth": 2,
                  "flexWrap": "wrap",
                  "height": 25,
                  "margin": 10,
                  "width": 25,
                }
              }
              defaultColor="#fff"
              disabled={false}
              disabledColor={null}
              onSelect={[Function]}
              selected={false}
              selectedColor="#B22222"
            />
          </Component>
          <Text
            accessible={true}
            allowFontScaling={true}
            ellipsizeMode="tail"
            style={
              Object {
                "flex": 1,
                "fontSize": 15,
              }
            }
          >
            Alunos compartilhando os copos no bebedouro
          </Text>
        </Component>
        <Component
          key="4"
          style={
            Object {
              "alignItems": "center",
              "borderBottomColor": "darkgrey",
              "borderBottomWidth": 1,
              "flexDirection": "row",
              "paddingVertical": 5,
            }
          }
        >
          <Component>
            <Checkbox
              checkboxStyle={
                Object {
                  "borderColor": "black",
                  "borderRadius": 2,
                  "borderWidth": 2,
                  "flexWrap": "wrap",
                  "height": 25,
                  "margin": 10,
                  "width": 25,
                }
              }
              defaultColor="#fff"
              disabled={false}
              disabledColor={null}
              onSelect={[Function]}
              selected={false}
              selectedColor="#008000"
            />
          </Component>
          <Component>
            <Checkbox
              checkboxStyle={
                Object {
                  "borderColor": "black",
                  "borderRadius": 2,
                  "borderWidth": 2,
                  "flexWrap": "wrap",
                  "height": 25,
                  "margin": 10,
                  "width": 25,
                }
              }
              defaultColor="#fff"
              disabled={false}
              disabledColor={null}
              onSelect={[Function]}
              selected={false}
              selectedColor="#B22222"
            />
          </Component>
          <Text
            accessible={true}
            allowFontScaling={true}
            ellipsizeMode="tail"
            style={
              Object {
                "flex": 1,
                "fontSize": 15,
              }
            }
          >
            Pia sem sabonete e papel toalha para lavar as mãos
          </Text>
        </Component>
        <Component
          key="5"
          style={
            Object {
              "alignItems": "center",
              "borderBottomColor": "darkgrey",
              "borderBottomWidth": 1,
              "flexDirection": "row",
              "paddingVertical": 5,
            }
          }
        >
          <Component>
            <Checkbox
              checkboxStyle={
                Object {
                  "borderColor": "black",
                  "borderRadius": 2,
                  "borderWidth": 2,
                  "flexWrap": "wrap",
                  "height": 25,
                  "margin": 10,
                  "width": 25,
                }
              }
              defaultColor="#fff"
              disabled={false}
              disabledColor={null}
              onSelect={[Function]}
              selected={false}
              selectedColor="#008000"
            />
          </Component>
          <Component>
            <Checkbox
              checkboxStyle={
                Object {
                  "borderColor": "black",
                  "borderRadius": 2,
                  "borderWidth": 2,
                  "flexWrap": "wrap",
                  "height": 25,
                  "margin": 10,
                  "width": 25,
                }
              }
              defaultColor="#fff"
              disabled={false}
              disabledColor={null}
              onSelect={[Function]}
              selected={false}
              selectedColor="#B22222"
            />
          </Component>
          <Text
            accessible={true}
            allowFontScaling={true}
            ellipsizeMode="tail"
            style={
              Object {
                "flex": 1,
                "fontSize": 15,
              }
            }
          >
            Não vi pia
          </Text>
        </Component>
        <Component
          key="6"
          style={
            Object {
              "alignItems": "center",
              "borderBottomColor": "darkgrey",
              "borderBottomWidth": 1,
              "flexDirection": "row",
              "paddingVertical": 5,
            }
          }
        >
          <Component>
            <Checkbox
              checkboxStyle={
                Object {
                  "borderColor": "black",
                  "borderRadius": 2,
                  "borderWidth": 2,
                  "flexWrap": "wrap",
                  "height": 25,
                  "margin": 10,
                  "width": 25,
                }
              }
              defaultColor="#fff"
              disabled={false}
              disabledColor={null}
              onSelect={[Function]}
              selected={false}
              selectedColor="#008000"
            />
          </Component>
          <Component>
            <Checkbox
              checkboxStyle={
                Object {
                  "borderColor": "black",
                  "borderRadius": 2,
                  "borderWidth": 2,
                  "flexWrap": "wrap",
                  "height": 25,
                  "margin": 10,
                  "width": 25,
                }
              }
              defaultColor="#fff"
              disabled={false}
              disabledColor={null}
              onSelect={[Function]}
              selected={false}
              selectedColor="#B22222"
            />
          </Component>
          <Text
            accessible={true}
            allowFontScaling={true}
            ellipsizeMode="tail"
            style={
              Object {
                "flex": 1,
                "fontSize": 15,
              }
            }
          >
            Telhado sem forro
          </Text>
        </Component>
        <Component
          key="7"
          style={
            Object {
              "alignItems": "center",
              "borderBottomColor": "darkgrey",
              "borderBottomWidth": 1,
              "flexDirection": "row",
              "paddingVertical": 5,
            }
          }
        >
          <Component>
            <Checkbox
              checkboxStyle={
                Object {
                  "borderColor": "black",
                  "borderRadius": 2,
                  "borderWidth": 2,
                  "flexWrap": "wrap",
                  "height": 25,
                  "margin": 10,
                  "width": 25,
                }
              }
              defaultColor="#fff"
              disabled={false}
              disabledColor={null}
              onSelect={[Function]}
              selected={false}
              selectedColor="#008000"
            />
          </Component>
          <Component>
            <Checkbox
              checkboxStyle={
                Object {
                  "borderColor": "black",
                  "borderRadius": 2,
                  "borderWidth": 2,
                  "flexWrap": "wrap",
                  "height": 25,
                  "margin": 10,
                  "width": 25,
                }
              }
              defaultColor="#fff"
              disabled={false}
              disabledColor={null}
              onSelect={[Function]}
              selected={false}
              selectedColor="#B22222"
            />
          </Component>
          <Text
            accessible={true}
            allowFontScaling={true}
            ellipsizeMode="tail"
            style={
              Object {
                "flex": 1,
                "fontSize": 15,
              }
            }
          >
            Telhado com furos
          </Text>
        </Component>
        <Component
          key="8"
          style={
            Object {
              "alignItems": "center",
              "borderBottomColor": "darkgrey",
              "borderBottomWidth": 1,
              "flexDirection": "row",
              "paddingVertical": 5,
            }
          }
        >
          <Component>
            <Checkbox
              checkboxStyle={
                Object {
                  "borderColor": "black",
                  "borderRadius": 2,
                  "borderWidth": 2,
                  "flexWrap": "wrap",
                  "height": 25,
                  "margin": 10,
                  "width": 25,
                }
              }
              defaultColor="#fff"
              disabled={false}
              disabledColor={null}
              onSelect={[Function]}
              selected={false}
              selectedColor="#008000"
            />
          </Component>
          <Component>
            <Checkbox
              checkboxStyle={
                Object {
                  "borderColor": "black",
                  "borderRadius": 2,
                  "borderWidth": 2,
                  "flexWrap": "wrap",
                  "height": 25,
                  "margin": 10,
                  "width": 25,
                }
              }
              defaultColor="#fff"
              disabled={false}
              disabledColor={null}
              onSelect={[Function]}
              selected={false}
              selectedColor="#B22222"
            />
          </Component>
          <Text
            accessible={true}
            allowFontScaling={true}
            ellipsizeMode="tail"
            style={
              Object {
                "flex": 1,
                "fontSize": 15,
              }
            }
          >
            Lixeiras destampadas
          </Text>
        </Component>
        <Component
          key="9"
          style={
            Object {
              "alignItems": "center",
              "borderBottomColor": "darkgrey",
              "borderBottomWidth": 1,
              "flexDirection": "row",
              "paddingVertical": 5,
            }
          }
        >
          <Component>
            <Checkbox
              checkboxStyle={
                Object {
                  "borderColor": "black",
                  "borderRadius": 2,
                  "borderWidth": 2,
                  "flexWrap": "wrap",
                  "height": 25,
                  "margin": 10,
                  "width": 25,
                }
              }
              defaultColor="#fff"
              disabled={false}
              disabledColor={null}
              onSelect={[Function]}
              selected={false}
              selectedColor="#008000"
            />
          </Component>
          <Component>
            <Checkbox
              checkboxStyle={
                Object {
                  "borderColor": "black",
                  "borderRadius": 2,
                  "borderWidth": 2,
                  "flexWrap": "wrap",
                  "height": 25,
                  "margin": 10,
                  "width": 25,
                }
              }
              defaultColor="#fff"
              disabled={false}
              disabledColor={null}
              onSelect={[Function]}
              selected={false}
              selectedColor="#B22222"
            />
          </Component>
          <Text
            accessible={true}
            allowFontScaling={true}
            ellipsizeMode="tail"
            style={
              Object {
                "flex": 1,
                "fontSize": 15,
              }
            }
          >
            Chão difícil de limpar
          </Text>
        </Component>
        <Component
          key="10"
          style={
            Object {
              "alignItems": "center",
              "borderBottomColor": "darkgrey",
              "borderBottomWidth": 1,
              "flexDirection": "row",
              "paddingVertical": 5,
            }
          }
        >
          <Component>
            <Checkbox
              checkboxStyle={
                Object {
                  "borderColor": "black",
                  "borderRadius": 2,
                  "borderWidth": 2,
                  "flexWrap": "wrap",
                  "height": 25,
                  "margin": 10,
                  "width": 25,
                }
              }
              defaultColor="#fff"
              disabled={false}
              disabledColor={null}
              onSelect={[Function]}
              selected={false}
              selectedColor="#008000"
            />
          </Component>
          <Component>
            <Checkbox
              checkboxStyle={
                Object {
                  "borderColor": "black",
                  "borderRadius": 2,
                  "borderWidth": 2,
                  "flexWrap": "wrap",
                  "height": 25,
                  "margin": 10,
                  "width": 25,
                }
              }
              defaultColor="#fff"
              disabled={false}
              disabledColor={null}
              onSelect={[Function]}
              selected={false}
              selectedColor="#B22222"
            />
          </Component>
          <Text
            accessible={true}
            allowFontScaling={true}
            ellipsizeMode="tail"
            style={
              Object {
                "flex": 1,
                "fontSize": 15,
              }
            }
          >
            Parede difícil de limpar
          </Text>
        </Component>
        <Component
          key="11"
          style={
            Object {
              "alignItems": "center",
              "borderBottomColor": "darkgrey",
              "borderBottomWidth": 1,
              "flexDirection": "row",
              "paddingVertical": 5,
            }
          }
        >
          <Component>
            <Checkbox
              checkboxStyle={
                Object {
                  "borderColor": "black",
                  "borderRadius": 2,
                  "borderWidth": 2,
                  "flexWrap": "wrap",
                  "height": 25,
                  "margin": 10,
                  "width": 25,
                }
              }
              defaultColor="#fff"
              disabled={false}
              disabledColor={null}
              onSelect={[Function]}
              selected={false}
              selectedColor="#008000"
            />
          </Component>
          <Component>
            <Checkbox
              checkboxStyle={
                Object {
                  "borderColor": "black",
                  "borderRadius": 2,
                  "borderWidth": 2,
                  "flexWrap": "wrap",
                  "height": 25,
                  "margin": 10,
                  "width": 25,
                }
              }
              defaultColor="#fff"
              disabled={false}
              disabledColor={null}
              onSelect={[Function]}
              selected={false}
              selectedColor="#B22222"
            />
          </Component>
          <Text
            accessible={true}
            allowFontScaling={true}
            ellipsizeMode="tail"
            style={
              Object {
                "flex": 1,
                "fontSize": 15,
              }
            }
          >
            Janelas sem tela de proteção
          </Text>
        </Component>
        <Component
          key="12"
          style={
            Object {
              "alignItems": "center",
              "borderBottomColor": "darkgrey",
              "borderBottomWidth": 1,
              "flexDirection": "row",
              "paddingVertical": 5,
            }
          }
        >
          <Component>
            <Checkbox
              checkboxStyle={
                Object {
                  "borderColor": "black",
                  "borderRadius": 2,
                  "borderWidth": 2,
                  "flexWrap": "wrap",
                  "height": 25,
                  "margin": 10,
                  "width": 25,
                }
              }
              defaultColor="#fff"
              disabled={false}
              disabledColor={null}
              onSelect={[Function]}
              selected={false}
              selectedColor="#008000"
            />
          </Component>
          <Component>
            <Checkbox
              checkboxStyle={
                Object {
                  "borderColor": "black",
                  "borderRadius": 2,
                  "borderWidth": 2,
                  "flexWrap": "wrap",
                  "height": 25,
                  "margin": 10,
                  "width": 25,
                }
              }
              defaultColor="#fff"
              disabled={false}
              disabledColor={null}
              onSelect={[Function]}
              selected={false}
              selectedColor="#B22222"
            />
          </Component>
          <Text
            accessible={true}
            allowFontScaling={true}
            ellipsizeMode="tail"
            style={
              Object {
                "flex": 1,
                "fontSize": 15,
              }
            }
          >
            Portas sem tela de proteção
          </Text>
        </Component>
        <Component
          key="13"
          style={
            Object {
              "alignItems": "center",
              "borderBottomColor": "darkgrey",
              "borderBottomWidth": 1,
              "flexDirection": "row",
              "paddingVertical": 5,
            }
          }
        >
          <Component>
            <Checkbox
              checkboxStyle={
                Object {
                  "borderColor": "black",
                  "borderRadius": 2,
                  "borderWidth": 2,
                  "flexWrap": "wrap",
                  "height": 25,
                  "margin": 10,
                  "width": 25,
                }
              }
              defaultColor="#fff"
              disabled={false}
              disabledColor={null}
              onSelect={[Function]}
              selected={false}
              selectedColor="#008000"
            />
          </Component>
          <Component>
            <Checkbox
              checkboxStyle={
                Object {
                  "borderColor": "black",
                  "borderRadius": 2,
                  "borderWidth": 2,
                  "flexWrap": "wrap",
                  "height": 25,
                  "margin": 10,
                  "width": 25,
                }
              }
              defaultColor="#fff"
              disabled={false}
              disabledColor={null}
              onSelect={[Function]}
              selected={false}
              selectedColor="#B22222"
            />
          </Component>
          <Text
            accessible={true}
            allowFontScaling={true}
            ellipsizeMode="tail"
            style={
              Object {
                "flex": 1,
                "fontSize": 15,
              }
            }
          >
            Portas sem rodapé
          </Text>
        </Component>
        <Component
          key="14"
          style={
            Object {
              "alignItems": "center",
              "borderBottomColor": "darkgrey",
              "borderBottomWidth": 1,
              "flexDirection": "row",
              "paddingVertical": 5,
            }
          }
        >
          <Component>
            <Checkbox
              checkboxStyle={
                Object {
                  "borderColor": "black",
                  "borderRadius": 2,
                  "borderWidth": 2,
                  "flexWrap": "wrap",
                  "height": 25,
                  "margin": 10,
                  "width": 25,
                }
              }
              defaultColor="#fff"
              disabled={false}
              disabledColor={null}
              onSelect={[Function]}
              selected={false}
              selectedColor="#008000"
            />
          </Component>
          <Component>
            <Checkbox
              checkboxStyle={
                Object {
                  "borderColor": "black",
                  "borderRadius": 2,
                  "borderWidth": 2,
                  "flexWrap": "wrap",
                  "height": 25,
                  "margin": 10,
                  "width": 25,
                }
              }
              defaultColor="#fff"
              disabled={false}
              disabledColor={null}
              onSelect={[Function]}
              selected={false}
              selectedColor="#B22222"
            />
          </Component>
          <Text
            accessible={true}
            allowFontScaling={true}
            ellipsizeMode="tail"
            style={
              Object {
                "flex": 1,
                "fontSize": 15,
              }
            }
          >
            Insetos sobrevoando o local
          </Text>
        </Component>
        <Component
          key="15"
          style={
            Object {
              "alignItems": "center",
              "borderBottomColor": "darkgrey",
              "borderBottomWidth": 1,
              "flexDirection": "row",
              "paddingVertical": 5,
            }
          }
        >
          <Component>
            <Checkbox
              checkboxStyle={
                Object {
                  "borderColor": "black",
                  "borderRadius": 2,
                  "borderWidth": 2,
                  "flexWrap": "wrap",
                  "height": 25,
                  "margin": 10,
                  "width": 25,
                }
              }
              defaultColor="#fff"
              disabled={false}
              disabledColor={null}
              onSelect={[Function]}
              selected={false}
              selectedColor="#008000"
            />
          </Component>
          <Component>
            <Checkbox
              checkboxStyle={
                Object {
                  "borderColor": "black",
                  "borderRadius": 2,
                  "borderWidth": 2,
                  "flexWrap": "wrap",
                  "height": 25,
                  "margin": 10,
                  "width": 25,
                }
              }
              defaultColor="#fff"
              disabled={false}
              disabledColor={null}
              onSelect={[Function]}
              selected={false}
              selectedColor="#B22222"
            />
          </Component>
          <Text
            accessible={true}
            allowFontScaling={true}
            ellipsizeMode="tail"
            style={
              Object {
                "flex": 1,
                "fontSize": 15,
              }
            }
          >
            Ventilador de teto empoeirado
          </Text>
        </Component>
        <Component
          key="16"
          style={
            Object {
              "alignItems": "center",
              "borderBottomColor": "darkgrey",
              "borderBottomWidth": 1,
              "flexDirection": "row",
              "paddingVertical": 5,
            }
          }
        >
          <Component>
            <Checkbox
              checkboxStyle={
                Object {
                  "borderColor": "black",
                  "borderRadius": 2,
                  "borderWidth": 2,
                  "flexWrap": "wrap",
                  "height": 25,
                  "margin": 10,
                  "width": 25,
                }
              }
              defaultColor="#fff"
              disabled={false}
              disabledColor={null}
              onSelect={[Function]}
              selected={false}
              selectedColor="#008000"
            />
          </Component>
          <Component>
            <Checkbox
              checkboxStyle={
                Object {
                  "borderColor": "black",
                  "borderRadius": 2,
                  "borderWidth": 2,
                  "flexWrap": "wrap",
                  "height": 25,
                  "margin": 10,
                  "width": 25,
                }
              }
              defaultColor="#fff"
              disabled={false}
              disabledColor={null}
              onSelect={[Function]}
              selected={false}
              selectedColor="#B22222"
            />
          </Component>
          <Text
            accessible={true}
            allowFontScaling={true}
            ellipsizeMode="tail"
            style={
              Object {
                "flex": 1,
                "fontSize": 15,
              }
            }
          >
            Local mal iluminado
          </Text>
        </Component>
        <Component
          key="17"
          style={
            Object {
              "alignItems": "center",
              "borderBottomColor": "darkgrey",
              "borderBottomWidth": 1,
              "flexDirection": "row",
              "paddingVertical": 5,
            }
          }
        >
          <Component>
            <Checkbox
              checkboxStyle={
                Object {
                  "borderColor": "black",
                  "borderRadius": 2,
                  "borderWidth": 2,
                  "flexWrap": "wrap",
                  "height": 25,
                  "margin": 10,
                  "width": 25,
                }
              }
              defaultColor="#fff"
              disabled={false}
              disabledColor={null}
              onSelect={[Function]}
              selected={false}
              selectedColor="#008000"
            />
          </Component>
          <Component>
            <Checkbox
              checkboxStyle={
                Object {
                  "borderColor": "black",
                  "borderRadius": 2,
                  "borderWidth": 2,
                  "flexWrap": "wrap",
                  "height": 25,
                  "margin": 10,
                  "width": 25,
                }
              }
              defaultColor="#fff"
              disabled={false}
              disabledColor={null}
              onSelect={[Function]}
              selected={false}
              selectedColor="#B22222"
            />
          </Component>
          <Text
            accessible={true}
            allowFontScaling={true}
            ellipsizeMode="tail"
            style={
              Object {
                "flex": 1,
                "fontSize": 15,
              }
            }
          >
            Local sujo
          </Text>
        </Component>
      </Component>
      <Component
        behavior="padding"
      >
        <Text
          accessible={true}
          allowFontScaling={true}
          ellipsizeMode="tail"
          style={
            Object {
              "fontSize": 15,
              "marginLeft": 15,
              "marginTop": 15,
            }
          }
        >
          Alguma observação adicional? Insira aqui. (Opcional)
        </Text>
        <Component
          style={
            Object {
              "marginHorizontal": 10,
              "marginTop": 5,
            }
          }
        >
          <TextInput
            allowFontScaling={true}
            multiline={true}
            onChangeText={[Function]}
            placeholder="Observações (opcional)"
            style={
              Object {
                "borderRadius": 12,
                "borderWidth": 1,
                "fontSize": 37.5,
                "height": 333.5,
                "paddingLeft": 10,
                "paddingTop": 10,
                "textAlignVertical": "top",
              }
            }
            underlineColorAndroid="transparent"
          />
        </Component>
      </Component>
      <TouchableOpacity
        activeOpacity={0.2}
        key="setObservation"
        onPress={[Function]}
        style={
          Object {
            "alignItems": "center",
            "backgroundColor": "#FF9500",
            "borderRadius": 7,
            "borderWidth": 1,
            "marginHorizontal": 15,
            "marginVertical": 30,
            "paddingVertical": 15,
          }
        }
      >
        <Text
          accessible={true}
          allowFontScaling={true}
          ellipsizeMode="tail"
          style={
            Object {
              "color": "#FFF",
              "fontSize": 15,
              "textAlign": "center",
            }
          }
        >
          Concluir
        </Text>
      </TouchableOpacity>
    </ScrollView>
  </KeyboardAvoidingView>
</Component>
`;
