// Jest Snapshot v1, https://goo.gl/fbAQLP

exports[`Testing ReportObservation Screen renders as expected 1`] = `
<Component
  style={
    Object {
      "backgroundColor": "white",
      "flex": 1,
    }
  }
>
  <Header
    backButton={false}
    onPress={[Function]}
    subTitle="+ Outras observações"
    title="Lista de verificação"
  />
  <KeyboardAvoidingView
    behavior="padding"
    enabled={true}
    keyboardVerticalOffset={0}
    style={
      Object {
        "flex": 1,
        "flexDirection": "column",
      }
    }
  >
    <ScrollView>
      <Component
        behavior="padding"
      >
        <Text
          accessible={true}
          allowFontScaling={true}
          ellipsizeMode="tail"
          style={
            Object {
              "fontSize": 15,
              "marginLeft": 15,
              "marginTop": 15,
            }
          }
        >
          Alguma observação adicional? Insira aqui. (Opcional)
        </Text>
        <Component
          style={
            Object {
              "marginHorizontal": 10,
              "marginTop": 5,
            }
          }
        >
          <TextInput
            allowFontScaling={true}
            multiline={true}
            onChangeText={[Function]}
            placeholder="Observações gerais que gostaria de adicionar (opcional)"
            style={
              Object {
                "borderRadius": 12,
                "borderWidth": 1,
                "fontSize": 37.5,
                "height": 333.5,
                "paddingLeft": 10,
                "paddingTop": 10,
                "textAlignVertical": "top",
              }
            }
            underlineColorAndroid="transparent"
          />
        </Component>
      </Component>
      <TouchableOpacity
        activeOpacity={0.2}
        key="setObservation"
        onPress={[Function]}
        style={
          Object {
            "alignItems": "center",
            "backgroundColor": "#FF9500",
            "borderRadius": 7,
            "borderWidth": 1,
            "marginHorizontal": 15,
            "marginVertical": 30,
            "paddingVertical": 15,
          }
        }
      >
        <Text
          accessible={true}
          allowFontScaling={true}
          ellipsizeMode="tail"
          style={
            Object {
              "color": "#FFF",
              "fontSize": 15,
              "textAlign": "center",
            }
          }
        >
          Concluir
        </Text>
      </TouchableOpacity>
    </ScrollView>
  </KeyboardAvoidingView>
</Component>
`;
