// Jest Snapshot v1, https://goo.gl/fbAQLP

exports[`Testing UpdateInfoScreen renders as expected 1`] = `
<Component
  style={
    Object {
      "backgroundColor": "white",
      "flex": 1,
    }
  }
>
  <Header
    backButton={false}
    onPress={[Function]}
    subTitle=""
    title="Editar Informações"
  />
  <Component>
    <ScrollView>
      <Component
        style={
          Object {
            "flex": 6,
            "marginTop": 8,
            "paddingHorizontal": 15,
          }
        }
      >
        <Text
          accessible={true}
          allowFontScaling={true}
          ellipsizeMode="tail"
        >
          Nome
        </Text>
        <NameField
          callback={[Function]}
          value="Rodolfo"
        />
        <Text
          accessible={true}
          allowFontScaling={true}
          ellipsizeMode="tail"
        >
          Telefone
        </Text>
        <PhoneField
          callback={[Function]}
          value="61991234567"
        />
        <Text
          accessible={true}
          allowFontScaling={true}
          ellipsizeMode="tail"
        >
          Tipo de Conselheiro
        </Text>
        <DropdownComponent
          callback={[Function]}
          pickerBody={
            Array [
              <PickerItem
                label="Titular"
                value="Titular"
              />,
              <PickerItem
                label="Suplente"
                value="Suplente"
              />,
            ]
          }
          pickerTitle={
            Array [
              <PickerItem
                color="#95a5a6"
                label="Escolha seu cargo"
                value=""
              />,
            ]
          }
          selectedValue="Titular"
        />
        <Text
          accessible={true}
          allowFontScaling={true}
          ellipsizeMode="tail"
        >
          Segmento
        </Text>
        <DropdownComponent
          callback={[Function]}
          pickerBody={
            Array [
              <PickerItem
                label="Poder executivo"
                value="Poder executivo"
              />,
              <PickerItem
                label="Trabalhadores da educação"
                value="Trabalhadores da educação"
              />,
              <PickerItem
                label="Pais de alunos"
                value="Pais de alunos"
              />,
              <PickerItem
                label="Entidades civis"
                value="Entidades civis"
              />,
            ]
          }
          pickerTitle={
            Array [
              <PickerItem
                color="#95a5a6"
                label="Escolha seu segmento"
                value=""
              />,
            ]
          }
          selectedValue="Poder executivo"
        />
      </Component>
    </ScrollView>
    <TouchableOpacity
      activeOpacity={0.2}
      key="infoUpdate"
      onPress={[Function]}
      style={
        Object {
          "backgroundColor": "#FF9500",
          "borderRadius": 7,
          "borderWidth": 1,
          "justifyContent": "flex-end",
          "marginBottom": 20,
          "marginHorizontal": 15,
          "marginTop": 30,
          "paddingVertical": 10,
        }
      }
    >
      <Text
        accessible={true}
        allowFontScaling={true}
        ellipsizeMode="tail"
        style={
          Object {
            "color": "#FFF",
            "textAlign": "center",
          }
        }
      >
        Concluir
      </Text>
    </TouchableOpacity>
  </Component>
</Component>
`;

exports[`Testing UpdateInfoScreen renders as expected with activity Indicator 1`] = `
<Component
  style={
    Object {
      "backgroundColor": "white",
      "flex": 1,
    }
  }
>
  <Header
    backButton={false}
    onPress={[Function]}
    subTitle=""
    title="Editar Informações"
  />
  <ActivityIndicator
    animating={true}
    color="#FF9500"
    hidesWhenStopped={true}
    size="large"
    style={
      Object {
        "justifyContent": "center",
        "marginTop": 50,
      }
    }
  />
</Component>
`;
